Now testing catg.generated.CatgHarness_0d9635642c

========== Input 1 ==========
WARNING: 
Exception in thread "main" java.lang.ArrayIndexOutOfBoundsException: -1
	at java.util.ArrayList.elementData(ArrayList.java:424)
	at java.util.ArrayList.remove(ArrayList.java:501)
	at janala.interpreters.Frame.pop2(Frame.java:81)
	at janala.interpreters.ConcolicInterpreter.setArgumentsAndNewFrame(ConcolicInterpreter.java:1054)
	at janala.interpreters.ConcolicInterpreter.visitINVOKESPECIAL(ConcolicInterpreter.java:1089)
	at janala.logger.inst.INVOKESPECIAL.visit(INVOKESPECIAL.java:16)
	at janala.logger.DirectConcolicExecution.log(DirectConcolicExecution.java:58)
	at janala.logger.AbstractLogger.ASTORE(AbstractLogger.java:217)
	at janala.logger.DJVM.ASTORE(DJVM.java:224)
	at catg.generated.CatgHarness_0d9635642c.main(CatgHarness_0d9635642c.java:27)
Exception in thread "Thread-1" java.lang.ArrayIndexOutOfBoundsException: -1
	at java.util.ArrayList.elementData(ArrayList.java:424)
	at java.util.ArrayList.remove(ArrayList.java:501)
	at janala.interpreters.Frame.pop2(Frame.java:81)
	at janala.interpreters.ConcolicInterpreter.setArgumentsAndNewFrame(ConcolicInterpreter.java:1054)
	at janala.interpreters.ConcolicInterpreter.visitINVOKESPECIAL(ConcolicInterpreter.java:1089)
	at janala.logger.inst.INVOKESPECIAL.visit(INVOKESPECIAL.java:16)
	at janala.logger.DirectConcolicExecution.log(DirectConcolicExecution.java:58)
	at janala.logger.DirectConcolicExecution.finish(DirectConcolicExecution.java:46)
	at janala.logger.DirectConcolicExecution$Finisher.run(DirectConcolicExecution.java:41)
Java exited with status 1
