Now testing catg.generated.CatgHarness_ae4831e9a4

========== Input 1 ==========
--- Generated input ---

--- No more history ---

========== CATG finished ==========
Generated input file: /d/Lab_SQA/SQA_Project_Group9/CATG/Result_Round2/Rerun_After_Windows_Portability_Fix/Gson_7/catg-state/inputs
Final inputs:

WARNING: 
java.lang.NullPointerException: User NullPointerException
	at janala.interpreters.ObjectValue.getField(ObjectValue.java:86)
	at janala.interpreters.ConcolicInterpreter.visitIALOAD(ConcolicInterpreter.java:805)
	at janala.logger.inst.IALOAD.visit(IALOAD.java:9)
	at janala.logger.DirectConcolicExecution.log(DirectConcolicExecution.java:58)
	at janala.logger.AbstractLogger.INVOKEMETHOD_EXCEPTION(AbstractLogger.java:694)
	at janala.logger.DJVM.INVOKEMETHOD_EXCEPTION(DJVM.java:700)
	at com.google.gson.stream.JsonReader.nextLong(JsonReader.java:942)
	at sun.reflect.NativeMethodAccessorImpl.invoke0(Native Method)
	at sun.reflect.NativeMethodAccessorImpl.invoke(NativeMethodAccessorImpl.java:62)
	at sun.reflect.DelegatingMethodAccessorImpl.invoke(DelegatingMethodAccessorImpl.java:43)
	at java.lang.reflect.Method.invoke(Method.java:498)
	at catg.generated.CatgHarness_ae4831e9a4.main(CatgHarness_ae4831e9a4.java:20)
java.lang.NullPointerException
