Now testing catg.generated.CatgHarness_d03c28a0e1

========== Input 1 ==========
--- Generated input ---
0a
1
--- History generated ---

========== Input 2 ==========
--- Generated input ---
0a
1
--- History generated ---

========== Input 3 ==========
--- Generated input ---
0a
1
--- History generated ---

========== Input 4 ==========
--- Generated input ---
0a
1
--- History generated ---

========== Input 5 ==========
--- Generated input ---
0a
1
--- History generated ---

========== CATG finished ==========
Generated input file: /d/Lab_SQA/SQA_Project_Group9/CATG/Result_Round2/Rerun_After_Windows_Portability_Fix/Cli_22/catg-state/inputs
Final inputs:
0a
1
WARNING: 
java.lang.NullPointerException
java.lang.NullPointerException
java.lang.NullPointerException
java.lang.NullPointerException
