Now testing catg.generated.CatgHarness_7260cb7cea

========== Input 1 ==========
--- Generated input ---
0aaaaaa
--- History generated ---

========== Input 2 ==========
--- Generated input ---
0aaaa
--- History generated ---

========== Input 3 ==========
--- Generated input ---
0a
--- History generated ---

========== Input 4 ==========
--- Generated input ---
0a
--- History generated ---

========== Input 5 ==========
--- Generated input ---
0a
--- History generated ---

========== CATG finished ==========
Generated input file: /d/Lab_SQA/SQA_Project_Group9/CATG/Result_Round2/Rerun_After_Windows_Portability_Fix/Lang_54/catg-state/inputs
Final inputs:
0a
WARNING: 
java.lang.IllegalArgumentException: Invalid locale format: 0
java.lang.IllegalArgumentException: Invalid locale format: 0aaaaaa
java.lang.IllegalArgumentException: Invalid locale format: 0aaaa
java.lang.IllegalArgumentException: Invalid locale format: 0a
java.lang.IllegalArgumentException: Invalid locale format: 0a
