Now testing catg.generated.CatgHarness_f5df9f3103

========== Input 1 ==========
--- Generated input ---
-0x
--- History generated ---

========== Input 2 ==========
--- Generated input ---
0x
--- History generated ---

========== Input 3 ==========
--- Generated input ---
--
--- History generated ---

========== Input 4 ==========
--- Generated input ---

--- History generated ---

========== Input 5 ==========
--- Generated input ---

--- History generated ---

========== CATG finished ==========
Generated input file: /d/Lab_SQA/SQA_Project_Group9/CATG/Result_Round2/Rerun_After_Windows_Portability_Fix/Lang_27/catg-state/inputs
Final inputs:

WARNING: 
java.lang.NumberFormatException: For input string: "-"
java.lang.NumberFormatException: For input string: ""
java.lang.NumberFormatException: A blank string is not a valid number
