Now testing catg.generated.CatgHarness_4877c51cbf

========== Input 1 ==========
WARNING: 
Exception in thread "main" java.lang.ArrayIndexOutOfBoundsException: -1
	at java.util.ArrayList.elementData(ArrayList.java:424)
	at java.util.ArrayList.remove(ArrayList.java:501)
	at janala.interpreters.Frame.pop(Frame.java:77)
	at janala.interpreters.ConcolicInterpreter.setArgumentsAndNewFrame(ConcolicInterpreter.java:1056)
	at janala.interpreters.ConcolicInterpreter.visitINVOKESTATIC(ConcolicInterpreter.java:1093)
	at janala.logger.inst.INVOKESTATIC.visit(INVOKESTATIC.java:16)
	at janala.logger.DirectConcolicExecution.log(DirectConcolicExecution.java:58)
	at janala.logger.AbstractLogger.ASTORE(AbstractLogger.java:217)
	at janala.logger.DJVM.ASTORE(DJVM.java:224)
	at catg.generated.CatgHarness_4877c51cbf.main(CatgHarness_4877c51cbf.java:27)
Exception in thread "Thread-1" java.lang.ArrayIndexOutOfBoundsException: -1
	at java.util.ArrayList.elementData(ArrayList.java:424)
	at java.util.ArrayList.remove(ArrayList.java:501)
	at janala.interpreters.Frame.pop(Frame.java:77)
	at janala.interpreters.ConcolicInterpreter.setArgumentsAndNewFrame(ConcolicInterpreter.java:1056)
	at janala.interpreters.ConcolicInterpreter.visitINVOKESTATIC(ConcolicInterpreter.java:1093)
	at janala.logger.inst.INVOKESTATIC.visit(INVOKESTATIC.java:16)
	at janala.logger.DirectConcolicExecution.log(DirectConcolicExecution.java:58)
	at janala.logger.DirectConcolicExecution.finish(DirectConcolicExecution.java:46)
	at janala.logger.DirectConcolicExecution$Finisher.run(DirectConcolicExecution.java:41)
Java exited with status 1
