Now testing catg.generated.CatgHarness_10f2612b39

========== Input 1 ==========
--- Generated input ---
prototype
--- History generated ---

========== Input 2 ==========
--- Generated input ---
prototype
--- History generated ---

========== Input 3 ==========
--- Generated input ---
prototype
--- History generated ---

========== Input 4 ==========
--- Generated input ---
prototype
--- History generated ---

========== Input 5 ==========
--- Generated input ---
prototype
--- History generated ---

========== CATG finished ==========
Generated input file: /d/Lab_SQA/SQA_Project_Group9/CATG/Result_Round2/Rerun_After_Windows_Portability_Fix/Closure_135/catg-state/inputs
Final inputs:
prototype
WARNING: 
java.lang.NullPointerException
java.lang.NullPointerException
java.lang.NullPointerException
java.lang.NullPointerException
java.lang.NullPointerException
