Now testing catg.generated.CatgHarness_00aa6b75b0

========== Input 1 ==========
--- Generated input ---
0
0
--- No more history ---

========== CATG finished ==========
Generated input file: /d/Lab_SQA/SQA_Project_Group9/CATG/Result_Round2/Rerun_After_Windows_Portability_Fix/Math_80/catg-state/inputs
Final inputs:
0
0
WARNING: 
java.lang.NullPointerException: User NullPointerException
	at janala.interpreters.ObjectValue.getField(ObjectValue.java:86)
	at janala.interpreters.ConcolicInterpreter.visitDALOAD(ConcolicInterpreter.java:381)
	at janala.logger.inst.DALOAD.visit(DALOAD.java:9)
	at janala.logger.DirectConcolicExecution.log(DirectConcolicExecution.java:58)
	at janala.logger.AbstractLogger.INVOKEMETHOD_EXCEPTION(AbstractLogger.java:694)
	at janala.logger.DJVM.INVOKEMETHOD_EXCEPTION(DJVM.java:700)
	at catg.generated.CatgHarness_00aa6b75b0.main(CatgHarness_00aa6b75b0.java:21)
java.lang.NullPointerException
