Now testing catg.generated.CatgHarness_63b6ebf238

========== Input 1 ==========
--- Generated input ---
0a
--- History generated ---

========== Input 2 ==========
--- Generated input ---

--- History generated ---

========== Input 3 ==========
--- Generated input ---

--- History generated ---

========== Input 4 ==========
--- Generated input ---

--- History generated ---

========== Input 5 ==========
--- Generated input ---

--- History generated ---

========== CATG finished ==========
Generated input file: /d/Lab_SQA/SQA_Project_Group9/CATG/Result_Round2/Rerun_After_Windows_Portability_Fix/Codec_1/catg-state/inputs
Final inputs:

WARNING: 
