Now testing catg.generated.CatgHarness_eed6846806

========== Input 1 ==========
--- Generated input ---
-0x
--- History generated ---

========== Input 2 ==========
--- Generated input ---
0x
--- History generated ---

========== Input 3 ==========
--- Generated input ---
--
--- History generated ---

========== Input 4 ==========
--- Generated input ---

--- History generated ---

========== Input 5 ==========
--- Generated input ---

--- History generated ---

========== CATG finished ==========
Generated input file: /d/Lab_SQA/SQA_Project_Group9/CATG/Result_Round2/Rerun_After_Windows_Portability_Fix/Cli_3/catg-state/inputs
Final inputs:

WARNING: 
For input string: "-"
For input string: ""
A blank string is not a valid number
