Now testing catg.generated.CatgHarness_a47594afab

========== Input 1 ==========
WARNING: 
Exception in thread "main" java.lang.ArrayIndexOutOfBoundsException: -1
	at java.util.ArrayList.elementData(ArrayList.java:424)
	at java.util.ArrayList.remove(ArrayList.java:501)
	at janala.interpreters.Frame.pop2(Frame.java:82)
	at janala.interpreters.ConcolicInterpreter.visitLSHL(ConcolicInterpreter.java:1302)
	at janala.logger.inst.LSHL.visit(LSHL.java:9)
	at janala.logger.DirectConcolicExecution.log(DirectConcolicExecution.java:58)
	at janala.logger.AbstractLogger.ASTORE(AbstractLogger.java:217)
	at janala.logger.DJVM.ASTORE(DJVM.java:224)
	at catg.generated.CatgHarness_a47594afab.main(CatgHarness_a47594afab.java:27)
Exception in thread "Thread-1" java.lang.ArrayIndexOutOfBoundsException: -1
	at java.util.ArrayList.elementData(ArrayList.java:424)
	at java.util.ArrayList.remove(ArrayList.java:501)
	at janala.interpreters.Frame.pop2(Frame.java:81)
	at janala.interpreters.ConcolicInterpreter.visitLSHL(ConcolicInterpreter.java:1302)
	at janala.logger.inst.LSHL.visit(LSHL.java:9)
	at janala.logger.DirectConcolicExecution.log(DirectConcolicExecution.java:58)
	at janala.logger.DirectConcolicExecution.finish(DirectConcolicExecution.java:46)
	at janala.logger.DirectConcolicExecution$Finisher.run(DirectConcolicExecution.java:41)
Java exited with status 1
