Now testing catg.generated.CatgHarness_b74ea4f9a8

========== Input 1 ==========
--- Generated input ---

--- No more history ---

========== CATG finished ==========
Generated input file: /d/Lab_SQA/SQA_Project_Group9/CATG/Result_Round2/Rerun_After_Windows_Portability_Fix/Closure_3/catg-state/inputs
Final inputs:

WARNING: 
java.lang.NullPointerException: User NullPointerException
	at janala.interpreters.ObjectValue.getField(ObjectValue.java:86)
	at janala.interpreters.ConcolicInterpreter.visitGETFIELD(ConcolicInterpreter.java:629)
	at janala.logger.inst.GETFIELD.visit(GETFIELD.java:16)
	at janala.logger.DirectConcolicExecution.log(DirectConcolicExecution.java:58)
	at janala.logger.AbstractLogger.INVOKEMETHOD_EXCEPTION(AbstractLogger.java:694)
	at janala.logger.DJVM.INVOKEMETHOD_EXCEPTION(DJVM.java:700)
	at com.google.javascript.jscomp.FlowSensitiveInlineVariables$Candidate.canInline(FlowSensitiveInlineVariables.java:282)
	at sun.reflect.NativeMethodAccessorImpl.invoke0(Native Method)
	at sun.reflect.NativeMethodAccessorImpl.invoke(NativeMethodAccessorImpl.java:62)
	at sun.reflect.DelegatingMethodAccessorImpl.invoke(DelegatingMethodAccessorImpl.java:43)
	at java.lang.reflect.Method.invoke(Method.java:498)
	at catg.generated.CatgHarness_b74ea4f9a8.main(CatgHarness_b74ea4f9a8.java:20)
java.lang.NullPointerException
