Now testing catg.generated.CatgHarness_d96f1a4e6b

========== Input 1 ==========
WARNING: 
Exception in thread "main" java.lang.ArrayIndexOutOfBoundsException: -1
	at java.util.ArrayList.elementData(ArrayList.java:424)
	at java.util.ArrayList.remove(ArrayList.java:501)
	at janala.interpreters.Frame.pop(Frame.java:77)
	at janala.interpreters.ConcolicInterpreter.visitIF_ACMPEQ(ConcolicInterpreter.java:935)
	at janala.logger.inst.IF_ACMPEQ.visit(IF_ACMPEQ.java:12)
	at janala.logger.DirectConcolicExecution.log(DirectConcolicExecution.java:58)
	at janala.logger.AbstractLogger.ASTORE(AbstractLogger.java:217)
	at janala.logger.DJVM.ASTORE(DJVM.java:224)
	at catg.generated.CatgHarness_d96f1a4e6b.main(CatgHarness_d96f1a4e6b.java:27)
Exception in thread "Thread-1" java.lang.ArrayIndexOutOfBoundsException: -1
	at java.util.ArrayList.elementData(ArrayList.java:424)
	at java.util.ArrayList.remove(ArrayList.java:501)
	at janala.interpreters.Frame.pop(Frame.java:77)
	at janala.interpreters.ConcolicInterpreter.visitIF_ACMPEQ(ConcolicInterpreter.java:935)
	at janala.logger.inst.IF_ACMPEQ.visit(IF_ACMPEQ.java:12)
	at janala.logger.DirectConcolicExecution.log(DirectConcolicExecution.java:58)
	at janala.logger.DirectConcolicExecution.finish(DirectConcolicExecution.java:46)
	at janala.logger.DirectConcolicExecution$Finisher.run(DirectConcolicExecution.java:41)
Java exited with status 1
